Archive member included to satisfy reference by file (symbol)

/usr/lib/gcc-cross/i686-linux-gnu/11/libgcc.a(_udivdi3.o)
                              /mnt/fa80eae1-2491-49b1-aa7d-ceccb9d60a8d/MyOS/myos10/build/stage2/c/stdio.obj (__udivdi3)
/usr/lib/gcc-cross/i686-linux-gnu/11/libgcc.a(_umoddi3.o)
                              /mnt/fa80eae1-2491-49b1-aa7d-ceccb9d60a8d/MyOS/myos10/build/stage2/c/stdio.obj (__umoddi3)

Memory Configuration

Name             Origin             Length             Attributes
*default*        0x0000000000000000 0xffffffffffffffff

Linker script and memory map

LOAD /mnt/fa80eae1-2491-49b1-aa7d-ceccb9d60a8d/MyOS/myos10/build/stage2/asm/entry.obj
LOAD /mnt/fa80eae1-2491-49b1-aa7d-ceccb9d60a8d/MyOS/myos10/build/stage2/asm/x86.obj
LOAD /mnt/fa80eae1-2491-49b1-aa7d-ceccb9d60a8d/MyOS/myos10/build/stage2/c/ctype.obj
LOAD /mnt/fa80eae1-2491-49b1-aa7d-ceccb9d60a8d/MyOS/myos10/build/stage2/c/disk.obj
LOAD /mnt/fa80eae1-2491-49b1-aa7d-ceccb9d60a8d/MyOS/myos10/build/stage2/c/fat.obj
LOAD /mnt/fa80eae1-2491-49b1-aa7d-ceccb9d60a8d/MyOS/myos10/build/stage2/c/main.obj
LOAD /mnt/fa80eae1-2491-49b1-aa7d-ceccb9d60a8d/MyOS/myos10/build/stage2/c/memory.obj
LOAD /mnt/fa80eae1-2491-49b1-aa7d-ceccb9d60a8d/MyOS/myos10/build/stage2/c/stdio.obj
LOAD /mnt/fa80eae1-2491-49b1-aa7d-ceccb9d60a8d/MyOS/myos10/build/stage2/c/string.obj
LOAD /usr/lib/gcc-cross/i686-linux-gnu/11/libgcc.a
                0x0000000000000500                phys = 0x500
                0x0000000000000500                . = phys

.entry          0x0000000000000500       0xc0
                0x0000000000000500                __entry_start = .
 *(.entry)
 .entry         0x0000000000000500       0xc0 /mnt/fa80eae1-2491-49b1-aa7d-ceccb9d60a8d/MyOS/myos10/build/stage2/asm/entry.obj
                0x0000000000000500                entry

.text           0x00000000000005c0     0x1b31
                0x00000000000005c0                __text_start = .
 *(.text)
 .text          0x00000000000005c0      0x1a5 /mnt/fa80eae1-2491-49b1-aa7d-ceccb9d60a8d/MyOS/myos10/build/stage2/asm/x86.obj
                0x00000000000005c0                x86_outb
                0x00000000000005cb                x86_inb
                0x00000000000005d4                x86_Disk_GetDriveParams
                0x0000000000000697                x86_Disk_Reset
                0x00000000000006e7                x86_Disk_Read
 .text          0x0000000000000765       0x55 /mnt/fa80eae1-2491-49b1-aa7d-ceccb9d60a8d/MyOS/myos10/build/stage2/c/ctype.obj
                0x0000000000000765                islower
                0x000000000000078e                toupper
 .text          0x00000000000007ba      0x199 /mnt/fa80eae1-2491-49b1-aa7d-ceccb9d60a8d/MyOS/myos10/build/stage2/c/disk.obj
                0x00000000000007ba                DISK_Initialize
                0x000000000000082a                DISK_LBA2CHS
                0x00000000000008b7                DISK_ReadSectors
 .text          0x0000000000000953      0xa30 /mnt/fa80eae1-2491-49b1-aa7d-ceccb9d60a8d/MyOS/myos10/build/stage2/c/fat.obj
                0x0000000000000953                FAT_ReadBootSector
                0x0000000000000970                FAT_ReadFat
                0x00000000000009a4                FAT_Initialize
                0x0000000000000bd8                FAT_ClusterToLba
                0x0000000000000bf9                FAT_OpenEntry
                0x0000000000000dc1                FAT_NextCluster
                0x0000000000000e0e                FAT_Read
                0x0000000000001062                FAT_ReadEntry
                0x0000000000001083                FAT_Close
                0x00000000000010d1                FAT_FindFile
                0x0000000000001236                FAT_Open
 .text          0x0000000000001383       0xf2 /mnt/fa80eae1-2491-49b1-aa7d-ceccb9d60a8d/MyOS/myos10/build/stage2/c/main.obj
                0x0000000000001383                start
 .text          0x0000000000001475       0xf5 /mnt/fa80eae1-2491-49b1-aa7d-ceccb9d60a8d/MyOS/myos10/build/stage2/c/memory.obj
                0x0000000000001475                memcpy
                0x00000000000014c7                memset
                0x000000000000150a                memcmp
 .text          0x000000000000156a      0x895 /mnt/fa80eae1-2491-49b1-aa7d-ceccb9d60a8d/MyOS/myos10/build/stage2/c/stdio.obj
                0x000000000000156a                putchr
                0x0000000000001599                putcolor
                0x00000000000015cb                getchr
                0x00000000000015ed                getcolor
                0x0000000000001612                setcursor
                0x0000000000001683                clrscr
                0x0000000000001711                scrollback
                0x00000000000017ff                putc
                0x000000000000190c                puts
                0x000000000000193b                printf_unsigned
                0x00000000000019f4                printf_signed
                0x0000000000001a51                printf
                0x0000000000001d66                print_buffer
 .text          0x0000000000001dff       0xb6 /mnt/fa80eae1-2491-49b1-aa7d-ceccb9d60a8d/MyOS/myos10/build/stage2/c/string.obj
                0x0000000000001dff                strchr
                0x0000000000001e3d                strcpy
                0x0000000000001e8f                strlen
 *fill*         0x0000000000001eb5        0xb 
 .text          0x0000000000001ec0      0x112 /usr/lib/gcc-cross/i686-linux-gnu/11/libgcc.a(_udivdi3.o)
                0x0000000000001ec0                __udivdi3
 *fill*         0x0000000000001fd2        0xe 
 .text          0x0000000000001fe0      0x111 /usr/lib/gcc-cross/i686-linux-gnu/11/libgcc.a(_umoddi3.o)
                0x0000000000001fe0                __umoddi3

.data           0x00000000000020f4        0xc
                0x00000000000020f4                __data_start = .
 *(.data)
 .data          0x00000000000020f4        0x0 /mnt/fa80eae1-2491-49b1-aa7d-ceccb9d60a8d/MyOS/myos10/build/stage2/c/ctype.obj
 .data          0x00000000000020f4        0x0 /mnt/fa80eae1-2491-49b1-aa7d-ceccb9d60a8d/MyOS/myos10/build/stage2/c/disk.obj
 .data          0x00000000000020f4        0x0 /mnt/fa80eae1-2491-49b1-aa7d-ceccb9d60a8d/MyOS/myos10/build/stage2/c/fat.obj
 .data          0x00000000000020f4        0x8 /mnt/fa80eae1-2491-49b1-aa7d-ceccb9d60a8d/MyOS/myos10/build/stage2/c/main.obj
                0x00000000000020f4                KernelLoadBuffer
                0x00000000000020f8                Kernel
 .data          0x00000000000020fc        0x0 /mnt/fa80eae1-2491-49b1-aa7d-ceccb9d60a8d/MyOS/myos10/build/stage2/c/memory.obj
 .data          0x00000000000020fc        0x4 /mnt/fa80eae1-2491-49b1-aa7d-ceccb9d60a8d/MyOS/myos10/build/stage2/c/stdio.obj
                0x00000000000020fc                g_ScreenBuffer
 .data          0x0000000000002100        0x0 /mnt/fa80eae1-2491-49b1-aa7d-ceccb9d60a8d/MyOS/myos10/build/stage2/c/string.obj
 .data          0x0000000000002100        0x0 /usr/lib/gcc-cross/i686-linux-gnu/11/libgcc.a(_udivdi3.o)
 .data          0x0000000000002100        0x0 /usr/lib/gcc-cross/i686-linux-gnu/11/libgcc.a(_umoddi3.o)

.rodata         0x0000000000002100      0x206
                0x0000000000002100                __rodata_start = .
 *(.rodata)
 .rodata        0x0000000000002100      0x11b /mnt/fa80eae1-2491-49b1-aa7d-ceccb9d60a8d/MyOS/myos10/build/stage2/c/fat.obj
 .rodata        0x000000000000221b       0x2f /mnt/fa80eae1-2491-49b1-aa7d-ceccb9d60a8d/MyOS/myos10/build/stage2/c/main.obj
 *fill*         0x000000000000224a        0x2 
 .rodata        0x000000000000224c       0xba /mnt/fa80eae1-2491-49b1-aa7d-ceccb9d60a8d/MyOS/myos10/build/stage2/c/stdio.obj
                0x000000000000224c                SCREEN_WIDTH
                0x0000000000002250                SCREEN_HEIGHT
                0x0000000000002254                DEFAULT_COLOR
                0x0000000000002258                g_HexChars

.eh_frame       0x0000000000002308      0x63c
 .eh_frame      0x0000000000002308       0x58 /mnt/fa80eae1-2491-49b1-aa7d-ceccb9d60a8d/MyOS/myos10/build/stage2/c/ctype.obj
 .eh_frame      0x0000000000002360       0x84 /mnt/fa80eae1-2491-49b1-aa7d-ceccb9d60a8d/MyOS/myos10/build/stage2/c/disk.obj
 .eh_frame      0x00000000000023e4      0x188 /mnt/fa80eae1-2491-49b1-aa7d-ceccb9d60a8d/MyOS/myos10/build/stage2/c/fat.obj
 .eh_frame      0x000000000000256c       0x34 /mnt/fa80eae1-2491-49b1-aa7d-ceccb9d60a8d/MyOS/myos10/build/stage2/c/main.obj
 .eh_frame      0x00000000000025a0       0x78 /mnt/fa80eae1-2491-49b1-aa7d-ceccb9d60a8d/MyOS/myos10/build/stage2/c/memory.obj
 .eh_frame      0x0000000000002618      0x1c4 /mnt/fa80eae1-2491-49b1-aa7d-ceccb9d60a8d/MyOS/myos10/build/stage2/c/stdio.obj
 .eh_frame      0x00000000000027dc       0x78 /mnt/fa80eae1-2491-49b1-aa7d-ceccb9d60a8d/MyOS/myos10/build/stage2/c/string.obj
 .eh_frame      0x0000000000002854       0x84 /usr/lib/gcc-cross/i686-linux-gnu/11/libgcc.a(_udivdi3.o)
 .eh_frame      0x00000000000028d8       0x6c /usr/lib/gcc-cross/i686-linux-gnu/11/libgcc.a(_umoddi3.o)

.note.gnu.property
                0x0000000000002944       0x38
 .note.gnu.property
                0x0000000000002944       0x1c /usr/lib/gcc-cross/i686-linux-gnu/11/libgcc.a(_udivdi3.o)
 .note.gnu.property
                0x0000000000002960       0x1c /usr/lib/gcc-cross/i686-linux-gnu/11/libgcc.a(_umoddi3.o)

.bss            0x000000000000297c       0x14
                0x000000000000297c                __bss_start = .
 *(.bss)
 .bss           0x000000000000297c        0x0 /mnt/fa80eae1-2491-49b1-aa7d-ceccb9d60a8d/MyOS/myos10/build/stage2/c/ctype.obj
 .bss           0x000000000000297c        0x0 /mnt/fa80eae1-2491-49b1-aa7d-ceccb9d60a8d/MyOS/myos10/build/stage2/c/disk.obj
 .bss           0x000000000000297c        0xc /mnt/fa80eae1-2491-49b1-aa7d-ceccb9d60a8d/MyOS/myos10/build/stage2/c/fat.obj
 .bss           0x0000000000002988        0x0 /mnt/fa80eae1-2491-49b1-aa7d-ceccb9d60a8d/MyOS/myos10/build/stage2/c/main.obj
 .bss           0x0000000000002988        0x0 /mnt/fa80eae1-2491-49b1-aa7d-ceccb9d60a8d/MyOS/myos10/build/stage2/c/memory.obj
 .bss           0x0000000000002988        0x8 /mnt/fa80eae1-2491-49b1-aa7d-ceccb9d60a8d/MyOS/myos10/build/stage2/c/stdio.obj
                0x0000000000002988                g_ScreenX
                0x000000000000298c                g_ScreenY
 .bss           0x0000000000002990        0x0 /mnt/fa80eae1-2491-49b1-aa7d-ceccb9d60a8d/MyOS/myos10/build/stage2/c/string.obj
 .bss           0x0000000000002990        0x0 /usr/lib/gcc-cross/i686-linux-gnu/11/libgcc.a(_udivdi3.o)
 .bss           0x0000000000002990        0x0 /usr/lib/gcc-cross/i686-linux-gnu/11/libgcc.a(_umoddi3.o)
                0x0000000000002990                __end = .
OUTPUT(/mnt/fa80eae1-2491-49b1-aa7d-ceccb9d60a8d/MyOS/myos10/build/stage2.bin binary)

.debug_info     0x0000000000000000     0x17f7
 .debug_info    0x0000000000000000       0xbd /mnt/fa80eae1-2491-49b1-aa7d-ceccb9d60a8d/MyOS/myos10/build/stage2/c/ctype.obj
 .debug_info    0x00000000000000bd      0x2a3 /mnt/fa80eae1-2491-49b1-aa7d-ceccb9d60a8d/MyOS/myos10/build/stage2/c/disk.obj
 .debug_info    0x0000000000000360      0x9a2 /mnt/fa80eae1-2491-49b1-aa7d-ceccb9d60a8d/MyOS/myos10/build/stage2/c/fat.obj
 .debug_info    0x0000000000000d02      0x2b1 /mnt/fa80eae1-2491-49b1-aa7d-ceccb9d60a8d/MyOS/myos10/build/stage2/c/main.obj
 .debug_info    0x0000000000000fb3      0x1da /mnt/fa80eae1-2491-49b1-aa7d-ceccb9d60a8d/MyOS/myos10/build/stage2/c/memory.obj
 .debug_info    0x000000000000118d      0x53f /mnt/fa80eae1-2491-49b1-aa7d-ceccb9d60a8d/MyOS/myos10/build/stage2/c/stdio.obj
 .debug_info    0x00000000000016cc      0x12b /mnt/fa80eae1-2491-49b1-aa7d-ceccb9d60a8d/MyOS/myos10/build/stage2/c/string.obj

.debug_abbrev   0x0000000000000000      0x8d0
 .debug_abbrev  0x0000000000000000       0x77 /mnt/fa80eae1-2491-49b1-aa7d-ceccb9d60a8d/MyOS/myos10/build/stage2/c/ctype.obj
 .debug_abbrev  0x0000000000000077      0x140 /mnt/fa80eae1-2491-49b1-aa7d-ceccb9d60a8d/MyOS/myos10/build/stage2/c/disk.obj
 .debug_abbrev  0x00000000000001b7      0x24d /mnt/fa80eae1-2491-49b1-aa7d-ceccb9d60a8d/MyOS/myos10/build/stage2/c/fat.obj
 .debug_abbrev  0x0000000000000404      0x14c /mnt/fa80eae1-2491-49b1-aa7d-ceccb9d60a8d/MyOS/myos10/build/stage2/c/main.obj
 .debug_abbrev  0x0000000000000550       0xe2 /mnt/fa80eae1-2491-49b1-aa7d-ceccb9d60a8d/MyOS/myos10/build/stage2/c/memory.obj
 .debug_abbrev  0x0000000000000632      0x1f6 /mnt/fa80eae1-2491-49b1-aa7d-ceccb9d60a8d/MyOS/myos10/build/stage2/c/stdio.obj
 .debug_abbrev  0x0000000000000828       0xa8 /mnt/fa80eae1-2491-49b1-aa7d-ceccb9d60a8d/MyOS/myos10/build/stage2/c/string.obj

.debug_aranges  0x0000000000000000       0xe0
 .debug_aranges
                0x0000000000000000       0x20 /mnt/fa80eae1-2491-49b1-aa7d-ceccb9d60a8d/MyOS/myos10/build/stage2/c/ctype.obj
 .debug_aranges
                0x0000000000000020       0x20 /mnt/fa80eae1-2491-49b1-aa7d-ceccb9d60a8d/MyOS/myos10/build/stage2/c/disk.obj
 .debug_aranges
                0x0000000000000040       0x20 /mnt/fa80eae1-2491-49b1-aa7d-ceccb9d60a8d/MyOS/myos10/build/stage2/c/fat.obj
 .debug_aranges
                0x0000000000000060       0x20 /mnt/fa80eae1-2491-49b1-aa7d-ceccb9d60a8d/MyOS/myos10/build/stage2/c/main.obj
 .debug_aranges
                0x0000000000000080       0x20 /mnt/fa80eae1-2491-49b1-aa7d-ceccb9d60a8d/MyOS/myos10/build/stage2/c/memory.obj
 .debug_aranges
                0x00000000000000a0       0x20 /mnt/fa80eae1-2491-49b1-aa7d-ceccb9d60a8d/MyOS/myos10/build/stage2/c/stdio.obj
 .debug_aranges
                0x00000000000000c0       0x20 /mnt/fa80eae1-2491-49b1-aa7d-ceccb9d60a8d/MyOS/myos10/build/stage2/c/string.obj

.debug_line     0x0000000000000000      0xc35
 .debug_line    0x0000000000000000       0x88 /mnt/fa80eae1-2491-49b1-aa7d-ceccb9d60a8d/MyOS/myos10/build/stage2/c/ctype.obj
 .debug_line    0x0000000000000088       0xee /mnt/fa80eae1-2491-49b1-aa7d-ceccb9d60a8d/MyOS/myos10/build/stage2/c/disk.obj
 .debug_line    0x0000000000000176      0x4d4 /mnt/fa80eae1-2491-49b1-aa7d-ceccb9d60a8d/MyOS/myos10/build/stage2/c/fat.obj
 .debug_line    0x000000000000064a       0xab /mnt/fa80eae1-2491-49b1-aa7d-ceccb9d60a8d/MyOS/myos10/build/stage2/c/main.obj
 .debug_line    0x00000000000006f5       0xe8 /mnt/fa80eae1-2491-49b1-aa7d-ceccb9d60a8d/MyOS/myos10/build/stage2/c/memory.obj
 .debug_line    0x00000000000007dd      0x3c1 /mnt/fa80eae1-2491-49b1-aa7d-ceccb9d60a8d/MyOS/myos10/build/stage2/c/stdio.obj
 .debug_line    0x0000000000000b9e       0x97 /mnt/fa80eae1-2491-49b1-aa7d-ceccb9d60a8d/MyOS/myos10/build/stage2/c/string.obj

.debug_str      0x0000000000000000      0xfe4
 .debug_str     0x0000000000000000      0x10d /mnt/fa80eae1-2491-49b1-aa7d-ceccb9d60a8d/MyOS/myos10/build/stage2/c/ctype.obj
 .debug_str     0x000000000000010d      0x1e8 /mnt/fa80eae1-2491-49b1-aa7d-ceccb9d60a8d/MyOS/myos10/build/stage2/c/disk.obj
 .debug_str     0x00000000000002f5      0x614 /mnt/fa80eae1-2491-49b1-aa7d-ceccb9d60a8d/MyOS/myos10/build/stage2/c/fat.obj
 .debug_str     0x0000000000000909      0x205 /mnt/fa80eae1-2491-49b1-aa7d-ceccb9d60a8d/MyOS/myos10/build/stage2/c/main.obj
 .debug_str     0x0000000000000b0e      0x148 /mnt/fa80eae1-2491-49b1-aa7d-ceccb9d60a8d/MyOS/myos10/build/stage2/c/memory.obj
 .debug_str     0x0000000000000c56      0x271 /mnt/fa80eae1-2491-49b1-aa7d-ceccb9d60a8d/MyOS/myos10/build/stage2/c/stdio.obj
 .debug_str     0x0000000000000ec7      0x11d /mnt/fa80eae1-2491-49b1-aa7d-ceccb9d60a8d/MyOS/myos10/build/stage2/c/string.obj

.debug_line_str
                0x0000000000000000      0x655
 .debug_line_str
                0x0000000000000000       0xb0 /mnt/fa80eae1-2491-49b1-aa7d-ceccb9d60a8d/MyOS/myos10/build/stage2/c/ctype.obj
 .debug_line_str
                0x00000000000000b0       0xf4 /mnt/fa80eae1-2491-49b1-aa7d-ceccb9d60a8d/MyOS/myos10/build/stage2/c/disk.obj
 .debug_line_str
                0x00000000000001a4      0x113 /mnt/fa80eae1-2491-49b1-aa7d-ceccb9d60a8d/MyOS/myos10/build/stage2/c/fat.obj
 .debug_line_str
                0x00000000000002b7      0x105 /mnt/fa80eae1-2491-49b1-aa7d-ceccb9d60a8d/MyOS/myos10/build/stage2/c/main.obj
 .debug_line_str
                0x00000000000003bc       0xed /mnt/fa80eae1-2491-49b1-aa7d-ceccb9d60a8d/MyOS/myos10/build/stage2/c/memory.obj
 .debug_line_str
                0x00000000000004a9       0xf9 /mnt/fa80eae1-2491-49b1-aa7d-ceccb9d60a8d/MyOS/myos10/build/stage2/c/stdio.obj
 .debug_line_str
                0x00000000000005a2       0xb3 /mnt/fa80eae1-2491-49b1-aa7d-ceccb9d60a8d/MyOS/myos10/build/stage2/c/string.obj

.comment        0x0000000000000000      0x134
 .comment       0x0000000000000000       0x2c /mnt/fa80eae1-2491-49b1-aa7d-ceccb9d60a8d/MyOS/myos10/build/stage2/c/ctype.obj
 .comment       0x000000000000002c       0x2c /mnt/fa80eae1-2491-49b1-aa7d-ceccb9d60a8d/MyOS/myos10/build/stage2/c/disk.obj
 .comment       0x0000000000000058       0x2c /mnt/fa80eae1-2491-49b1-aa7d-ceccb9d60a8d/MyOS/myos10/build/stage2/c/fat.obj
 .comment       0x0000000000000084       0x2c /mnt/fa80eae1-2491-49b1-aa7d-ceccb9d60a8d/MyOS/myos10/build/stage2/c/main.obj
 .comment       0x00000000000000b0       0x2c /mnt/fa80eae1-2491-49b1-aa7d-ceccb9d60a8d/MyOS/myos10/build/stage2/c/memory.obj
 .comment       0x00000000000000dc       0x2c /mnt/fa80eae1-2491-49b1-aa7d-ceccb9d60a8d/MyOS/myos10/build/stage2/c/stdio.obj
 .comment       0x0000000000000108       0x2c /mnt/fa80eae1-2491-49b1-aa7d-ceccb9d60a8d/MyOS/myos10/build/stage2/c/string.obj

.note.GNU-stack
                0x0000000000000000        0x0
 .note.GNU-stack
                0x0000000000000000        0x0 /mnt/fa80eae1-2491-49b1-aa7d-ceccb9d60a8d/MyOS/myos10/build/stage2/c/ctype.obj
 .note.GNU-stack
                0x0000000000000000        0x0 /mnt/fa80eae1-2491-49b1-aa7d-ceccb9d60a8d/MyOS/myos10/build/stage2/c/disk.obj
 .note.GNU-stack
                0x0000000000000000        0x0 /mnt/fa80eae1-2491-49b1-aa7d-ceccb9d60a8d/MyOS/myos10/build/stage2/c/fat.obj
 .note.GNU-stack
                0x0000000000000000        0x0 /mnt/fa80eae1-2491-49b1-aa7d-ceccb9d60a8d/MyOS/myos10/build/stage2/c/main.obj
 .note.GNU-stack
                0x0000000000000000        0x0 /mnt/fa80eae1-2491-49b1-aa7d-ceccb9d60a8d/MyOS/myos10/build/stage2/c/memory.obj
 .note.GNU-stack
                0x0000000000000000        0x0 /mnt/fa80eae1-2491-49b1-aa7d-ceccb9d60a8d/MyOS/myos10/build/stage2/c/stdio.obj
 .note.GNU-stack
                0x0000000000000000        0x0 /mnt/fa80eae1-2491-49b1-aa7d-ceccb9d60a8d/MyOS/myos10/build/stage2/c/string.obj
 .note.GNU-stack
                0x0000000000000000        0x0 /usr/lib/gcc-cross/i686-linux-gnu/11/libgcc.a(_udivdi3.o)
 .note.GNU-stack
                0x0000000000000000        0x0 /usr/lib/gcc-cross/i686-linux-gnu/11/libgcc.a(_umoddi3.o)
