
Memory Configuration

Name             Origin             Length             Attributes
*default*        0x0000000000000000 0xffffffffffffffff

Linker script and memory map

LOAD /mnt/fa80eae1-2491-49b1-aa7d-ceccb9d60a8d/MyOS/myos10.31/build/stage2/asm/entry.obj
LOAD /mnt/fa80eae1-2491-49b1-aa7d-ceccb9d60a8d/MyOS/myos10.31/build/stage2/asm/x86.obj
LOAD /mnt/fa80eae1-2491-49b1-aa7d-ceccb9d60a8d/MyOS/myos10.31/build/stage2/c/ctype.obj
LOAD /mnt/fa80eae1-2491-49b1-aa7d-ceccb9d60a8d/MyOS/myos10.31/build/stage2/c/disk.obj
LOAD /mnt/fa80eae1-2491-49b1-aa7d-ceccb9d60a8d/MyOS/myos10.31/build/stage2/c/fat.obj
LOAD /mnt/fa80eae1-2491-49b1-aa7d-ceccb9d60a8d/MyOS/myos10.31/build/stage2/c/main.obj
LOAD /mnt/fa80eae1-2491-49b1-aa7d-ceccb9d60a8d/MyOS/myos10.31/build/stage2/c/memory.obj
LOAD /mnt/fa80eae1-2491-49b1-aa7d-ceccb9d60a8d/MyOS/myos10.31/build/stage2/c/stdio.obj
LOAD /mnt/fa80eae1-2491-49b1-aa7d-ceccb9d60a8d/MyOS/myos10.31/build/stage2/c/string.obj
LOAD /mnt/fa80eae1-2491-49b1-aa7d-ceccb9d60a8d/MyOS/myos10.31/build/stage2/c/utils.obj
                0x0000000000000500                phys = 0x500
                0x0000000000000500                . = phys

.entry          0x0000000000000500       0xc0
                0x0000000000000500                __entry_start = .
 *(.entry)
 .entry         0x0000000000000500       0xc0 /mnt/fa80eae1-2491-49b1-aa7d-ceccb9d60a8d/MyOS/myos10.31/build/stage2/asm/entry.obj
                0x0000000000000500                entry

.text           0x00000000000005c0     0x1985
                0x00000000000005c0                __text_start = .
 *(.text)
 .text          0x00000000000005c0      0x1a5 /mnt/fa80eae1-2491-49b1-aa7d-ceccb9d60a8d/MyOS/myos10.31/build/stage2/asm/x86.obj
                0x00000000000005c0                x86_outb
                0x00000000000005cb                x86_inb
                0x00000000000005d4                x86_Disk_GetDriveParams
                0x0000000000000697                x86_Disk_Reset
                0x00000000000006e7                x86_Disk_Read
 .text          0x0000000000000765       0x55 /mnt/fa80eae1-2491-49b1-aa7d-ceccb9d60a8d/MyOS/myos10.31/build/stage2/c/ctype.obj
                0x0000000000000765                islower
                0x000000000000078e                toupper
 .text          0x00000000000007ba      0x199 /mnt/fa80eae1-2491-49b1-aa7d-ceccb9d60a8d/MyOS/myos10.31/build/stage2/c/disk.obj
                0x00000000000007ba                DISK_Initialize
                0x000000000000082a                DISK_LBA2CHS
                0x00000000000008b7                DISK_ReadSectors
 .text          0x0000000000000953      0xa30 /mnt/fa80eae1-2491-49b1-aa7d-ceccb9d60a8d/MyOS/myos10.31/build/stage2/c/fat.obj
                0x0000000000000953                FAT_ReadBootSector
                0x0000000000000970                FAT_ReadFat
                0x00000000000009a4                FAT_Initialize
                0x0000000000000bd8                FAT_ClusterToLba
                0x0000000000000bf9                FAT_OpenEntry
                0x0000000000000dc1                FAT_NextCluster
                0x0000000000000e0e                FAT_Read
                0x0000000000001062                FAT_ReadEntry
                0x0000000000001083                FAT_Close
                0x00000000000010d1                FAT_FindFile
                0x0000000000001236                FAT_Open
 .text          0x0000000000001383       0xf2 /mnt/fa80eae1-2491-49b1-aa7d-ceccb9d60a8d/MyOS/myos10.31/build/stage2/c/main.obj
                0x0000000000001383                start
 .text          0x0000000000001475       0xf5 /mnt/fa80eae1-2491-49b1-aa7d-ceccb9d60a8d/MyOS/myos10.31/build/stage2/c/memory.obj
                0x0000000000001475                memcpy
                0x00000000000014c7                memset
                0x000000000000150a                memcmp
 .text          0x000000000000156a      0x887 /mnt/fa80eae1-2491-49b1-aa7d-ceccb9d60a8d/MyOS/myos10.31/build/stage2/c/stdio.obj
                0x000000000000156a                putchr
                0x0000000000001599                putcolor
                0x00000000000015cb                getchr
                0x00000000000015ed                getcolor
                0x0000000000001612                setcursor
                0x0000000000001683                clrscr
                0x0000000000001711                scrollback
                0x00000000000017ff                putc
                0x000000000000190f                puts
                0x000000000000193e                printf_unsigned
                0x00000000000019e6                printf_signed
                0x0000000000001a43                printf
                0x0000000000001d58                print_buffer
 .text          0x0000000000001df1       0xb6 /mnt/fa80eae1-2491-49b1-aa7d-ceccb9d60a8d/MyOS/myos10.31/build/stage2/c/string.obj
                0x0000000000001df1                strchr
                0x0000000000001e2f                strcpy
                0x0000000000001e81                strlen
 .text          0x0000000000001ea7       0x9e /mnt/fa80eae1-2491-49b1-aa7d-ceccb9d60a8d/MyOS/myos10.31/build/stage2/c/utils.obj
                0x0000000000001ea7                __udivdi3
                0x0000000000001f01                __umoddi3

.data           0x0000000000001f48        0xc
                0x0000000000001f48                __data_start = .
 *(.data)
 .data          0x0000000000001f48        0x0 /mnt/fa80eae1-2491-49b1-aa7d-ceccb9d60a8d/MyOS/myos10.31/build/stage2/c/ctype.obj
 .data          0x0000000000001f48        0x0 /mnt/fa80eae1-2491-49b1-aa7d-ceccb9d60a8d/MyOS/myos10.31/build/stage2/c/disk.obj
 .data          0x0000000000001f48        0x0 /mnt/fa80eae1-2491-49b1-aa7d-ceccb9d60a8d/MyOS/myos10.31/build/stage2/c/fat.obj
 .data          0x0000000000001f48        0x8 /mnt/fa80eae1-2491-49b1-aa7d-ceccb9d60a8d/MyOS/myos10.31/build/stage2/c/main.obj
                0x0000000000001f48                KernelLoadBuffer
                0x0000000000001f4c                Kernel
 .data          0x0000000000001f50        0x0 /mnt/fa80eae1-2491-49b1-aa7d-ceccb9d60a8d/MyOS/myos10.31/build/stage2/c/memory.obj
 .data          0x0000000000001f50        0x4 /mnt/fa80eae1-2491-49b1-aa7d-ceccb9d60a8d/MyOS/myos10.31/build/stage2/c/stdio.obj
                0x0000000000001f50                g_ScreenBuffer
 .data          0x0000000000001f54        0x0 /mnt/fa80eae1-2491-49b1-aa7d-ceccb9d60a8d/MyOS/myos10.31/build/stage2/c/string.obj
 .data          0x0000000000001f54        0x0 /mnt/fa80eae1-2491-49b1-aa7d-ceccb9d60a8d/MyOS/myos10.31/build/stage2/c/utils.obj

.rodata         0x0000000000001f54      0x206
                0x0000000000001f54                __rodata_start = .
 *(.rodata)
 .rodata        0x0000000000001f54      0x11b /mnt/fa80eae1-2491-49b1-aa7d-ceccb9d60a8d/MyOS/myos10.31/build/stage2/c/fat.obj
 .rodata        0x000000000000206f       0x2f /mnt/fa80eae1-2491-49b1-aa7d-ceccb9d60a8d/MyOS/myos10.31/build/stage2/c/main.obj
 *fill*         0x000000000000209e        0x2 
 .rodata        0x00000000000020a0       0xba /mnt/fa80eae1-2491-49b1-aa7d-ceccb9d60a8d/MyOS/myos10.31/build/stage2/c/stdio.obj
                0x00000000000020a0                SCREEN_WIDTH
                0x00000000000020a4                SCREEN_HEIGHT
                0x00000000000020a8                DEFAULT_COLOR
                0x00000000000020ac                g_HexChars

.bss            0x000000000000215c       0x14
                0x000000000000215c                __bss_start = .
 *(.bss)
 .bss           0x000000000000215c        0x0 /mnt/fa80eae1-2491-49b1-aa7d-ceccb9d60a8d/MyOS/myos10.31/build/stage2/c/ctype.obj
 .bss           0x000000000000215c        0x0 /mnt/fa80eae1-2491-49b1-aa7d-ceccb9d60a8d/MyOS/myos10.31/build/stage2/c/disk.obj
 .bss           0x000000000000215c        0xc /mnt/fa80eae1-2491-49b1-aa7d-ceccb9d60a8d/MyOS/myos10.31/build/stage2/c/fat.obj
 .bss           0x0000000000002168        0x0 /mnt/fa80eae1-2491-49b1-aa7d-ceccb9d60a8d/MyOS/myos10.31/build/stage2/c/main.obj
 .bss           0x0000000000002168        0x0 /mnt/fa80eae1-2491-49b1-aa7d-ceccb9d60a8d/MyOS/myos10.31/build/stage2/c/memory.obj
 .bss           0x0000000000002168        0x8 /mnt/fa80eae1-2491-49b1-aa7d-ceccb9d60a8d/MyOS/myos10.31/build/stage2/c/stdio.obj
                0x0000000000002168                g_ScreenX
                0x000000000000216c                g_ScreenY
 .bss           0x0000000000002170        0x0 /mnt/fa80eae1-2491-49b1-aa7d-ceccb9d60a8d/MyOS/myos10.31/build/stage2/c/string.obj
 .bss           0x0000000000002170        0x0 /mnt/fa80eae1-2491-49b1-aa7d-ceccb9d60a8d/MyOS/myos10.31/build/stage2/c/utils.obj
                0x0000000000002170                __end = .
OUTPUT(/mnt/fa80eae1-2491-49b1-aa7d-ceccb9d60a8d/MyOS/myos10.31/build/stage2.bin binary)

.debug_frame    0x0000000000000000      0x760
 .debug_frame   0x0000000000000000       0x6c /mnt/fa80eae1-2491-49b1-aa7d-ceccb9d60a8d/MyOS/myos10.31/build/stage2/c/ctype.obj
 .debug_frame   0x000000000000006c       0xb4 /mnt/fa80eae1-2491-49b1-aa7d-ceccb9d60a8d/MyOS/myos10.31/build/stage2/c/disk.obj
 .debug_frame   0x0000000000000120      0x218 /mnt/fa80eae1-2491-49b1-aa7d-ceccb9d60a8d/MyOS/myos10.31/build/stage2/c/fat.obj
 .debug_frame   0x0000000000000338       0x34 /mnt/fa80eae1-2491-49b1-aa7d-ceccb9d60a8d/MyOS/myos10.31/build/stage2/c/main.obj
 .debug_frame   0x000000000000036c       0x98 /mnt/fa80eae1-2491-49b1-aa7d-ceccb9d60a8d/MyOS/myos10.31/build/stage2/c/memory.obj
 .debug_frame   0x0000000000000404      0x258 /mnt/fa80eae1-2491-49b1-aa7d-ceccb9d60a8d/MyOS/myos10.31/build/stage2/c/stdio.obj
 .debug_frame   0x000000000000065c       0x98 /mnt/fa80eae1-2491-49b1-aa7d-ceccb9d60a8d/MyOS/myos10.31/build/stage2/c/string.obj
 .debug_frame   0x00000000000006f4       0x6c /mnt/fa80eae1-2491-49b1-aa7d-ceccb9d60a8d/MyOS/myos10.31/build/stage2/c/utils.obj

.debug_info     0x0000000000000000     0x265a
 .debug_info    0x0000000000000000      0x1da /mnt/fa80eae1-2491-49b1-aa7d-ceccb9d60a8d/MyOS/myos10.31/build/stage2/c/ctype.obj
 .debug_info    0x00000000000001da      0x442 /mnt/fa80eae1-2491-49b1-aa7d-ceccb9d60a8d/MyOS/myos10.31/build/stage2/c/disk.obj
 .debug_info    0x000000000000061c      0xe06 /mnt/fa80eae1-2491-49b1-aa7d-ceccb9d60a8d/MyOS/myos10.31/build/stage2/c/fat.obj
 .debug_info    0x0000000000001422      0x458 /mnt/fa80eae1-2491-49b1-aa7d-ceccb9d60a8d/MyOS/myos10.31/build/stage2/c/main.obj
 .debug_info    0x000000000000187a      0x312 /mnt/fa80eae1-2491-49b1-aa7d-ceccb9d60a8d/MyOS/myos10.31/build/stage2/c/memory.obj
 .debug_info    0x0000000000001b8c      0x72b /mnt/fa80eae1-2491-49b1-aa7d-ceccb9d60a8d/MyOS/myos10.31/build/stage2/c/stdio.obj
 .debug_info    0x00000000000022b7      0x243 /mnt/fa80eae1-2491-49b1-aa7d-ceccb9d60a8d/MyOS/myos10.31/build/stage2/c/string.obj
 .debug_info    0x00000000000024fa      0x160 /mnt/fa80eae1-2491-49b1-aa7d-ceccb9d60a8d/MyOS/myos10.31/build/stage2/c/utils.obj

.debug_abbrev   0x0000000000000000      0x886
 .debug_abbrev  0x0000000000000000       0x6c /mnt/fa80eae1-2491-49b1-aa7d-ceccb9d60a8d/MyOS/myos10.31/build/stage2/c/ctype.obj
 .debug_abbrev  0x000000000000006c      0x137 /mnt/fa80eae1-2491-49b1-aa7d-ceccb9d60a8d/MyOS/myos10.31/build/stage2/c/disk.obj
 .debug_abbrev  0x00000000000001a3      0x242 /mnt/fa80eae1-2491-49b1-aa7d-ceccb9d60a8d/MyOS/myos10.31/build/stage2/c/fat.obj
 .debug_abbrev  0x00000000000003e5      0x11f /mnt/fa80eae1-2491-49b1-aa7d-ceccb9d60a8d/MyOS/myos10.31/build/stage2/c/main.obj
 .debug_abbrev  0x0000000000000504       0xb2 /mnt/fa80eae1-2491-49b1-aa7d-ceccb9d60a8d/MyOS/myos10.31/build/stage2/c/memory.obj
 .debug_abbrev  0x00000000000005b6      0x1c9 /mnt/fa80eae1-2491-49b1-aa7d-ceccb9d60a8d/MyOS/myos10.31/build/stage2/c/stdio.obj
 .debug_abbrev  0x000000000000077f       0x8d /mnt/fa80eae1-2491-49b1-aa7d-ceccb9d60a8d/MyOS/myos10.31/build/stage2/c/string.obj
 .debug_abbrev  0x000000000000080c       0x7a /mnt/fa80eae1-2491-49b1-aa7d-ceccb9d60a8d/MyOS/myos10.31/build/stage2/c/utils.obj

.debug_aranges  0x0000000000000000      0x100
 .debug_aranges
                0x0000000000000000       0x20 /mnt/fa80eae1-2491-49b1-aa7d-ceccb9d60a8d/MyOS/myos10.31/build/stage2/c/ctype.obj
 .debug_aranges
                0x0000000000000020       0x20 /mnt/fa80eae1-2491-49b1-aa7d-ceccb9d60a8d/MyOS/myos10.31/build/stage2/c/disk.obj
 .debug_aranges
                0x0000000000000040       0x20 /mnt/fa80eae1-2491-49b1-aa7d-ceccb9d60a8d/MyOS/myos10.31/build/stage2/c/fat.obj
 .debug_aranges
                0x0000000000000060       0x20 /mnt/fa80eae1-2491-49b1-aa7d-ceccb9d60a8d/MyOS/myos10.31/build/stage2/c/main.obj
 .debug_aranges
                0x0000000000000080       0x20 /mnt/fa80eae1-2491-49b1-aa7d-ceccb9d60a8d/MyOS/myos10.31/build/stage2/c/memory.obj
 .debug_aranges
                0x00000000000000a0       0x20 /mnt/fa80eae1-2491-49b1-aa7d-ceccb9d60a8d/MyOS/myos10.31/build/stage2/c/stdio.obj
 .debug_aranges
                0x00000000000000c0       0x20 /mnt/fa80eae1-2491-49b1-aa7d-ceccb9d60a8d/MyOS/myos10.31/build/stage2/c/string.obj
 .debug_aranges
                0x00000000000000e0       0x20 /mnt/fa80eae1-2491-49b1-aa7d-ceccb9d60a8d/MyOS/myos10.31/build/stage2/c/utils.obj

.debug_line     0x0000000000000000     0x23b7
 .debug_line    0x0000000000000000       0xfd /mnt/fa80eae1-2491-49b1-aa7d-ceccb9d60a8d/MyOS/myos10.31/build/stage2/c/ctype.obj
 .debug_line    0x00000000000000fd      0x2a5 /mnt/fa80eae1-2491-49b1-aa7d-ceccb9d60a8d/MyOS/myos10.31/build/stage2/c/disk.obj
 .debug_line    0x00000000000003a2      0xdfd /mnt/fa80eae1-2491-49b1-aa7d-ceccb9d60a8d/MyOS/myos10.31/build/stage2/c/fat.obj
 .debug_line    0x000000000000119f      0x1e6 /mnt/fa80eae1-2491-49b1-aa7d-ceccb9d60a8d/MyOS/myos10.31/build/stage2/c/main.obj
 .debug_line    0x0000000000001385      0x26a /mnt/fa80eae1-2491-49b1-aa7d-ceccb9d60a8d/MyOS/myos10.31/build/stage2/c/memory.obj
 .debug_line    0x00000000000015ef      0xaca /mnt/fa80eae1-2491-49b1-aa7d-ceccb9d60a8d/MyOS/myos10.31/build/stage2/c/stdio.obj
 .debug_line    0x00000000000020b9      0x1df /mnt/fa80eae1-2491-49b1-aa7d-ceccb9d60a8d/MyOS/myos10.31/build/stage2/c/string.obj
 .debug_line    0x0000000000002298      0x11f /mnt/fa80eae1-2491-49b1-aa7d-ceccb9d60a8d/MyOS/myos10.31/build/stage2/c/utils.obj

.debug_str      0x0000000000000000       0x28
 .debug_str     0x0000000000000000        0x0 /mnt/fa80eae1-2491-49b1-aa7d-ceccb9d60a8d/MyOS/myos10.31/build/stage2/c/ctype.obj
 .debug_str     0x0000000000000000       0x12 /mnt/fa80eae1-2491-49b1-aa7d-ceccb9d60a8d/MyOS/myos10.31/build/stage2/c/disk.obj
 .debug_str     0x0000000000000012        0xf /mnt/fa80eae1-2491-49b1-aa7d-ceccb9d60a8d/MyOS/myos10.31/build/stage2/c/fat.obj
 .debug_str     0x0000000000000021        0x0 /mnt/fa80eae1-2491-49b1-aa7d-ceccb9d60a8d/MyOS/myos10.31/build/stage2/c/main.obj
 .debug_str     0x0000000000000021        0x0 /mnt/fa80eae1-2491-49b1-aa7d-ceccb9d60a8d/MyOS/myos10.31/build/stage2/c/memory.obj
 .debug_str     0x0000000000000021        0x7 /mnt/fa80eae1-2491-49b1-aa7d-ceccb9d60a8d/MyOS/myos10.31/build/stage2/c/stdio.obj
 .debug_str     0x0000000000000028        0x0 /mnt/fa80eae1-2491-49b1-aa7d-ceccb9d60a8d/MyOS/myos10.31/build/stage2/c/string.obj
 .debug_str     0x0000000000000028        0x0 /mnt/fa80eae1-2491-49b1-aa7d-ceccb9d60a8d/MyOS/myos10.31/build/stage2/c/utils.obj

.comment        0x0000000000000000       0x98
 .comment       0x0000000000000000       0x13 /mnt/fa80eae1-2491-49b1-aa7d-ceccb9d60a8d/MyOS/myos10.31/build/stage2/c/ctype.obj
 .comment       0x0000000000000013       0x13 /mnt/fa80eae1-2491-49b1-aa7d-ceccb9d60a8d/MyOS/myos10.31/build/stage2/c/disk.obj
 .comment       0x0000000000000026       0x13 /mnt/fa80eae1-2491-49b1-aa7d-ceccb9d60a8d/MyOS/myos10.31/build/stage2/c/fat.obj
 .comment       0x0000000000000039       0x13 /mnt/fa80eae1-2491-49b1-aa7d-ceccb9d60a8d/MyOS/myos10.31/build/stage2/c/main.obj
 .comment       0x000000000000004c       0x13 /mnt/fa80eae1-2491-49b1-aa7d-ceccb9d60a8d/MyOS/myos10.31/build/stage2/c/memory.obj
 .comment       0x000000000000005f       0x13 /mnt/fa80eae1-2491-49b1-aa7d-ceccb9d60a8d/MyOS/myos10.31/build/stage2/c/stdio.obj
 .comment       0x0000000000000072       0x13 /mnt/fa80eae1-2491-49b1-aa7d-ceccb9d60a8d/MyOS/myos10.31/build/stage2/c/string.obj
 .comment       0x0000000000000085       0x13 /mnt/fa80eae1-2491-49b1-aa7d-ceccb9d60a8d/MyOS/myos10.31/build/stage2/c/utils.obj
